curl \
	"https://api.themoviedb.org/3/search/movie?api_key=xxx&language=en-US&page=0&query=query&region=US&with_release_type=3"