curl \
	"https://api.themoviedb.org/3/discover/movie?api_key=xxx&language=en-US&page=0&region=US&release_date.gte=2020-11-28&release_date.lte=2021-01-27&with_release_type=3"