curl \
	"https://api.themoviedb.org/3/movie/515042?api_key=xxx&append_to_response=release_dates&language=en-US&region=US"